[    0.000000] Initializing cgroup subsys cpuset
[    0.000000] Initializing cgroup subsys cpu
[    0.000000] Initializing cgroup subsys cpuacct
[    0.000000] Linux version 4.4.0-145-generic (buildd@lcy01-amd64-027) (gcc version 5.4.0 20160609 (Ubuntu 5.4.0-6ubuntu1~16.04.10) ) #171-Ubuntu SMP Tue Mar 26 12:43:40 UTC 2019 (Ubuntu 4.4.0-145.171-generic 4.4.176)
[    0.000000] Command line: BOOT_IMAGE=/boot/vmlinuz-4.4.0-145-generic root=UUID=605fab45-7f91-4753-a396-5bb378b9d4cb ro console=tty1 console=ttyS0
[    0.000000] KERNEL supported cpus:
[    0.000000]   Intel GenuineIntel
[    0.000000]   AMD AuthenticAMD
[    0.000000]   Centaur CentaurHauls
[    0.000000] x86/fpu: xstate_offset[2]:  576, xstate_sizes[2]:  256
[    0.000000] x86/fpu: Supporting XSAVE feature 0x01: 'x87 floating point registers'
[    0.000000] x86/fpu: Supporting XSAVE feature 0x02: 'SSE registers'
[    0.000000] x86/fpu: Supporting XSAVE feature 0x04: 'AVX registers'
[    0.000000] x86/fpu: Enabled xstate features 0x7, context size is 832 bytes, using 'standard' format.
[    0.000000] e820: BIOS-provided physical RAM map:
[    0.000000] BIOS-e820: [mem 0x0000000000000000-0x000000000009fbff] usable
[    0.000000] BIOS-e820: [mem 0x000000000009fc00-0x000000000009ffff] reserved
[    0.000000] BIOS-e820: [mem 0x00000000000f0000-0x00000000000fffff] reserved
[    0.000000] BIOS-e820: [mem 0x0000000000100000-0x000000001ffeffff] usable
[    0.000000] BIOS-e820: [mem 0x000000001fff0000-0x000000001fffffff] ACPI data
[    0.000000] BIOS-e820: [mem 0x00000000fec00000-0x00000000fec00fff] reserved
[    0.000000] BIOS-e820: [mem 0x00000000fee00000-0x00000000fee00fff] reserved
[    0.000000] BIOS-e820: [mem 0x00000000fffc0000-0x00000000ffffffff] reserved
[    0.000000] NX (Execute Disable) protection: active
[    0.000000] SMBIOS 2.5 present.
[    0.000000] Hypervisor detected: KVM
[    0.000000] e820: last_pfn = 0x1fff0 max_arch_pfn = 0x400000000
[    0.000000] MTRR: Disabled
[    0.000000] x86/PAT: MTRRs disabled, skipping PAT initialization too.
[    0.000000] CPU MTRRs all blank - virtualized system.
[    0.000000] x86/PAT: Configuration [0-7]: WB  WT  UC- UC  WB  WT  UC- UC  
[    0.000000] found SMP MP-table at [mem 0x0009fff0-0x0009ffff] mapped at [ffff88000009fff0]
[    0.000000] Scanning 1 areas for low memory corruption
[    0.000000] RAMDISK: [mem 0x1e89f000-0x1f7a1fff]
[    0.000000] ACPI: Early table checksum verification disabled
[    0.000000] ACPI: RSDP 0x00000000000E0000 000024 (v02 VBOX  )
[    0.000000] ACPI: XSDT 0x000000001FFF0030 00003C (v01 VBOX   VBOXXSDT 00000001 ASL  00000061)
[    0.000000] ACPI: FACP 0x000000001FFF00F0 0000F4 (v04 VBOX   VBOXFACP 00000001 ASL  00000061)
[    0.000000] ACPI: DSDT 0x000000001FFF0470 0022EA (v02 VBOX   VBOXBIOS 00000002 INTL 20100528)
[    0.000000] ACPI: FACS 0x000000001FFF0200 000040
[    0.000000] ACPI: FACS 0x000000001FFF0200 000040
[    0.000000] ACPI: APIC 0x000000001FFF0240 00005C (v02 VBOX   VBOXAPIC 00000001 ASL  00000061)
[    0.000000] ACPI: SSDT 0x000000001FFF02A0 0001CC (v01 VBOX   VBOXCPUT 00000002 INTL 20100528)
[    0.000000] No NUMA configuration found
[    0.000000] Faking a node at [mem 0x0000000000000000-0x000000001ffeffff]
[    0.000000] NODE_DATA(0) allocated [mem 0x1ffeb000-0x1ffeffff]
[    0.000000] kvm-clock: Using msrs 4b564d01 and 4b564d00
[    0.000000] kvm-clock: cpu 0, msr 0:1ffe3001, primary cpu clock
[    0.000000] kvm-clock: using sched offset of 4716224503 cycles
[    0.000000] clocksource: kvm-clock: mask: 0xffffffffffffffff max_cycles: 0x1cd42e4dffb, max_idle_ns: 881590591483 ns
[    0.000000] Zone ranges:
[    0.000000]   DMA      [mem 0x0000000000001000-0x0000000000ffffff]
[    0.000000]   DMA32    [mem 0x0000000001000000-0x000000001ffeffff]
[    0.000000]   Normal   empty
[    0.000000]   Device   empty
[    0.000000] Movable zone start for each node
[    0.000000] Early memory node ranges
[    0.000000]   node   0: [mem 0x0000000000001000-0x000000000009efff]
[    0.000000]   node   0: [mem 0x0000000000100000-0x000000001ffeffff]
[    0.000000] Initmem setup node 0 [mem 0x0000000000001000-0x000000001ffeffff]
[    0.000000] ACPI: PM-Timer IO Port: 0x4008
[    0.000000] IOAPIC[0]: apic_id 2, version 32, address 0xfec00000, GSI 0-23
[    0.000000] ACPI: INT_SRC_OVR (bus 0 bus_irq 0 global_irq 2 dfl dfl)
[    0.000000] ACPI: INT_SRC_OVR (bus 0 bus_irq 9 global_irq 9 low level)
[    0.000000] Using ACPI (MADT) for SMP configuration information
[    0.000000] smpboot: Allowing 2 CPUs, 0 hotplug CPUs
[    0.000000] PM: Registered nosave memory: [mem 0x00000000-0x00000fff]
[    0.000000] PM: Registered nosave memory: [mem 0x0009f000-0x0009ffff]
[    0.000000] PM: Registered nosave memory: [mem 0x000a0000-0x000effff]
[    0.000000] PM: Registered nosave memory: [mem 0x000f0000-0x000fffff]
[    0.000000] e820: [mem 0x20000000-0xfebfffff] available for PCI devices
[    0.000000] Booting paravirtualized kernel on KVM
[    0.000000] clocksource: refined-jiffies: mask: 0xffffffff max_cycles: 0xffffffff, max_idle_ns: 7645519600211568 ns
[    0.000000] setup_percpu: NR_CPUS:512 nr_cpumask_bits:512 nr_cpu_ids:2 nr_node_ids:1
[    0.000000] PERCPU: Embedded 34 pages/cpu @ffff88001fc00000 s99480 r8192 d31592 u1048576
[    0.000000] Built 1 zonelists in Node order, mobility grouping on.  Total pages: 128888
[    0.000000] Policy zone: DMA32
[    0.000000] Kernel command line: BOOT_IMAGE=/boot/vmlinuz-4.4.0-145-generic root=UUID=605fab45-7f91-4753-a396-5bb378b9d4cb ro console=tty1 console=ttyS0
[    0.000000] PID hash table entries: 2048 (order: 2, 16384 bytes)
[    0.000000] Memory: 481108K/523832K available (8608K kernel code, 1333K rwdata, 4008K rodata, 1484K init, 1284K bss, 42724K reserved, 0K cma-reserved)
[    0.000000] SLUB: HWalign=64, Order=0-3, MinObjects=0, CPUs=2, Nodes=1
[    0.000000] Kernel/User page tables isolation: enabled
[    0.000000] Hierarchical RCU implementation.
[    0.000000] 	Build-time adjustment of leaf fanout to 64.
[    0.000000] 	RCU restricting CPUs from NR_CPUS=512 to nr_cpu_ids=2.
[    0.000000] RCU: Adjusting geometry for rcu_fanout_leaf=64, nr_cpu_ids=2
[    0.000000] NR_IRQS:33024 nr_irqs:440 16
[    0.000000] Console: colour VGA+ 80x25
[    0.000000] console [tty1] enabled
[    0.000000] console [ttyS0] enabled
[    0.000000] tsc: Detected 2494.230 MHz processor
[    0.220752] Calibrating delay loop (skipped) preset value.. 4988.46 BogoMIPS (lpj=9976920)
[    0.222959] pid_max: default: 32768 minimum: 301
[    0.224237] ACPI: Core revision 20150930
[    0.226300] ACPI: 2 ACPI AML tables successfully acquired and loaded
[    0.227961] Security Framework initialized
[    0.228998] Yama: becoming mindful.
[    0.230255] AppArmor: AppArmor initialized
[    0.231617] Dentry cache hash table entries: 65536 (order: 7, 524288 bytes)
[    0.235205] Inode-cache hash table entries: 32768 (order: 6, 262144 bytes)
[    0.237051] Mount-cache hash table entries: 1024 (order: 1, 8192 bytes)
[    0.238652] Mountpoint-cache hash table entries: 1024 (order: 1, 8192 bytes)
[    0.240238] Initializing cgroup subsys io
[    0.241365] Initializing cgroup subsys memory
[    0.242443] Initializing cgroup subsys devices
[    0.243537] Initializing cgroup subsys freezer
[    0.244689] Initializing cgroup subsys net_cls
[    0.245789] Initializing cgroup subsys perf_event
[    0.247914] Initializing cgroup subsys net_prio
[    0.248878] Initializing cgroup subsys hugetlb
[    0.250037] Initializing cgroup subsys pids
[    0.252388] mce: CPU supports 0 MCE banks
[    0.253437] Last level iTLB entries: 4KB 1024, 2MB 1024, 4MB 1024
[    0.254706] Last level dTLB entries: 4KB 1024, 2MB 1024, 4MB 1024, 1GB 4
[    0.256341] Spectre V2 : Mitigation: Full generic retpoline
[    0.257660] Spectre V2 : Spectre v2 / SpectreRSB mitigation: Filling RSB on context switch
[    0.259758] Speculative Store Bypass: Vulnerable
[    0.265593] Freeing SMP alternatives memory: 36K
[    0.274547] ftrace: allocating 32283 entries in 127 pages
[    0.353193] smpboot: APIC(0) Converting physical 0 to logical package 0
[    0.354865] smpboot: Max logical packages: 1
[    0.357985] x2apic enabled
[    0.359484] Switched APIC routing to physical x2apic.
[    0.363497] ..TIMER: vector=0x30 apic1=0 pin1=2 apic2=-1 pin2=-1
[    0.471333] smpboot: CPU0: Intel(R) Core(TM) i5-4300U CPU @ 1.90GHz (family: 0x6, model: 0x45, stepping: 0x1)
[    0.474217] Performance Events: unsupported p6 CPU model 69 no PMU driver, software events only.
[    0.491927] KVM setup paravirtual spinlock
[    0.493889] x86: Booting SMP configuration:
[    0.494875] .... node  #0, CPUs:      #1
[    0.496189] kvm-clock: cpu 1, msr 0:1ffe3041, secondary cpu clock
[    0.498812] mce: CPU supports 0 MCE banks
[    0.501909] x86: Booted up 1 node, 2 CPUs
[    0.503022] smpboot: Total of 2 processors activated (9976.92 BogoMIPS)
[    0.506804] devtmpfs: initialized
[    0.509530] evm: security.selinux
[    0.510414] evm: security.SMACK64
[    0.511443] evm: security.SMACK64EXEC
[    0.512521] evm: security.SMACK64TRANSMUTE
[    0.513801] evm: security.SMACK64MMAP
[    0.514772] evm: security.ima
[    0.515576] evm: security.capability
[    0.516839] clocksource: jiffies: mask: 0xffffffff max_cycles: 0xffffffff, max_idle_ns: 7645041785100000 ns
[    0.518869] futex hash table entries: 512 (order: 3, 32768 bytes)
[    0.520293] pinctrl core: initialized pinctrl subsystem
[    0.521662] RTC time: 13:06:59, date: 04/24/19
[    0.523253] NET: Registered protocol family 16
[    0.535811] cpuidle: using governor ladder
[    0.548318] cpuidle: using governor menu
[    0.549586] PCCT header not found.
[    0.550841] ACPI: bus type PCI registered
[    0.552040] acpiphp: ACPI Hot Plug PCI Controller Driver version: 0.5
[    0.553443] PCI: Using configuration type 1 for base access
[    0.568206] ACPI: Added _OSI(Module Device)
[    0.569505] ACPI: Added _OSI(Processor Device)
[    0.570764] ACPI: Added _OSI(3.0 _SCP Extensions)
[    0.572067] ACPI: Added _OSI(Processor Aggregator Device)
[    0.574680] ACPI: Executed 1 blocks of module-level executable AML code
[    0.581171] ACPI: Interpreter enabled
[    0.582491] ACPI: (supports S0 S5)
[    0.583780] ACPI: Using IOAPIC for interrupt routing
[    0.585476] PCI: Using host bridge windows from ACPI; if necessary, use "pci=nocrs" and report a bug
[    0.592923] ACPI: PCI Root Bridge [PCI0] (domain 0000 [bus 00-ff])
[    0.594323] acpi PNP0A03:00: _OSC: OS supports [ASPM ClockPM Segments MSI]
[    0.596305] acpi PNP0A03:00: _OSC: not requesting OS control; OS requires [ExtendedConfig ASPM ClockPM MSI]
[    0.598784] acpi PNP0A03:00: fail to add MMCONFIG information, can't access extended PCI configuration space under this bridge.
[    0.602093] PCI host bridge to bus 0000:00
[    0.603162] pci_bus 0000:00: root bus resource [io  0x0000-0x0cf7 window]
[    0.604558] pci_bus 0000:00: root bus resource [io  0x0d00-0xffff window]
[    0.605961] pci_bus 0000:00: root bus resource [mem 0x000a0000-0x000bffff window]
[    0.607889] pci_bus 0000:00: root bus resource [mem 0x20000000-0xfdffffff window]
[    0.609465] pci_bus 0000:00: root bus resource [bus 00-ff]
[    0.612575] pci 0000:00:01.1: legacy IDE quirk: reg 0x10: [io  0x01f0-0x01f7]
[    0.614160] pci 0000:00:01.1: legacy IDE quirk: reg 0x14: [io  0x03f6]
[    0.615399] pci 0000:00:01.1: legacy IDE quirk: reg 0x18: [io  0x0170-0x0177]
[    0.616702] pci 0000:00:01.1: legacy IDE quirk: reg 0x1c: [io  0x0376]
[    0.633213] pci 0000:00:07.0: quirk: [io  0x4000-0x403f] claimed by PIIX4 ACPI
[    0.635151] pci 0000:00:07.0: quirk: [io  0x4100-0x410f] claimed by PIIX4 SMB
[    0.657741] ACPI: PCI Interrupt Link [LNKA] (IRQs 5 9 10 *11)
[    0.659963] ACPI: PCI Interrupt Link [LNKB] (IRQs 5 9 *10 11)
[    0.662005] ACPI: PCI Interrupt Link [LNKC] (IRQs 5 *9 10 11)
[    0.664262] ACPI: PCI Interrupt Link [LNKD] (IRQs 5 9 10 *11)
[    0.666228] ACPI: Enabled 2 GPEs in block 00 to 07
[    0.667983] vgaarb: setting as boot device: PCI:0000:00:02.0
[    0.669263] vgaarb: device added: PCI:0000:00:02.0,decodes=io+mem,owns=io+mem,locks=none
[    0.671206] vgaarb: loaded
[    0.672252] vgaarb: bridge control possible 0000:00:02.0
[    0.674001] SCSI subsystem initialized
[    0.675299] ACPI: bus type USB registered
[    0.676636] usbcore: registered new interface driver usbfs
[    0.678036] usbcore: registered new interface driver hub
[    0.679307] usbcore: registered new device driver usb
[    0.681010] PCI: Using ACPI for IRQ routing
[    0.682293] NetLabel: Initializing
[    0.683047] NetLabel:  domain hash size = 128
[    0.683947] NetLabel:  protocols = UNLABELED CIPSOv4
[    0.684919] NetLabel:  unlabeled traffic allowed by default
[    0.686136] amd_nb: Cannot enumerate AMD northbridges
[    0.687177] clocksource: Switched to clocksource kvm-clock
[    0.702740] AppArmor: AppArmor Filesystem Enabled
[    0.705738] pnp: PnP ACPI init
[    0.707970] pnp: PnP ACPI: found 3 devices
[    0.723818] clocksource: acpi_pm: mask: 0xffffff max_cycles: 0xffffff, max_idle_ns: 2085701024 ns
[    0.725672] NET: Registered protocol family 2
[    0.726833] TCP established hash table entries: 4096 (order: 3, 32768 bytes)
[    0.728155] TCP bind hash table entries: 4096 (order: 4, 65536 bytes)
[    0.729300] TCP: Hash tables configured (established 4096 bind 4096)
[    0.730865] UDP hash table entries: 256 (order: 1, 8192 bytes)
[    0.732134] UDP-Lite hash table entries: 256 (order: 1, 8192 bytes)
[    0.733413] NET: Registered protocol family 1
[    0.734332] pci 0000:00:00.0: Limiting direct PCI/PCI transfers
[    0.735514] pci 0000:00:01.0: Activating ISA DMA hang workarounds
[    0.738406] Unpacking initramfs...
[    1.048729] Freeing initrd memory: 15372K
[    1.049943] RAPL PMU detected, API unit is 2^-32 Joules, 4 fixed counters 10737418240 ms ovfl timer
[    1.051809] hw unit of domain pp0-core 2^-0 Joules
[    1.052910] hw unit of domain package 2^-0 Joules
[    1.053992] hw unit of domain dram 2^-0 Joules
[    1.055296] hw unit of domain pp1-gpu 2^-0 Joules
[    1.056875] platform rtc_cmos: registered platform RTC device (no PNP device found)
[    1.058619] Scanning for low memory corruption every 60 seconds
[    1.060287] audit: initializing netlink subsys (disabled)
[    1.061390] audit: type=2000 audit(1556111226.097:1): initialized
[    1.062962] Initialise system trusted keyring
[    1.065816] HugeTLB registered 2 MB page size, pre-allocated 0 pages
[    1.068494] zbud: loaded
[    1.069687] VFS: Disk quotas dquot_6.6.0
[    1.070550] VFS: Dquot-cache hash table entries: 512 (order 0, 4096 bytes)
[    1.072481] squashfs: version 4.0 (2009/01/31) Phillip Lougher
[    1.074688] fuse init (API version 7.23)
[    1.075794] Key type big_key registered
[    1.076945] Allocating IMA MOK and blacklist keyrings.
[    1.080136] Key type asymmetric registered
[    1.081246] Asymmetric key parser 'x509' registered
[    1.082334] Block layer SCSI generic (bsg) driver version 0.4 loaded (major 249)
[    1.083964] io scheduler noop registered
[    1.084856] io scheduler deadline registered (default)
[    1.086044] io scheduler cfq registered
[    1.087297] pci_hotplug: PCI Hot Plug PCI Core version: 0.5
[    1.088683] pciehp: PCI Express Hot Plug Controller Driver version: 0.4
[    1.090194] ACPI: AC Adapter [AC] (on-line)
[    1.091320] input: Power Button as /devices/LNXSYSTM:00/LNXPWRBN:00/input/input0
[    1.093250] ACPI: Power Button [PWRF]
[    1.094346] input: Sleep Button as /devices/LNXSYSTM:00/LNXSLPBN:00/input/input1
[    1.096224] ACPI: Sleep Button [SLPF]
[    1.098727] ACPI: Battery Slot [BAT0] (battery present)
[    1.100402] GHES: HEST is not enabled!
[    1.101637] Serial: 8250/16550 driver, 32 ports, IRQ sharing enabled
 	
 !"#$%&'()*+,-./0123456789:;<=>?@ABCDEFGHIJKLMNOPQRSTUVWXYZ[\]^_`abcdefghijklmnopqrstuvwxyz{|}~ÄÅÇÉÑÖÜáàâäãåçéèêëíìîïñóòôöõúùûü†°¢£§•¶ß®©™´¨≠ÆØ∞±≤≥¥µ∂∑∏π∫ªºΩæø¿¡¬√ƒ≈∆«»… ÀÃÕŒœ–—“”‘’÷◊ÿŸ⁄€‹›ﬁﬂ‡·‚„‰ÂÊÁËÈÍÎÏÌÓÔÒÚÛÙıˆ˜¯˘˙˚¸˝˛ˇ[    1.135264] 00:02: ttyS0 at I/O 0x3f8 (irq = 4, base_baud = 115200) is a 16550A
[    1.138759] Linux agpgart interface v0.103
[    1.143503] loop: module loaded
[    1.145404] scsi host0: ata_piix
[    1.146744] scsi host1: ata_piix
[    1.147810] ata1: PATA max UDMA/33 cmd 0x1f0 ctl 0x3f6 bmdma 0xd000 irq 14
[    1.149390] ata2: PATA max UDMA/33 cmd 0x170 ctl 0x376 bmdma 0xd008 irq 15
[    1.151509] libphy: Fixed MDIO Bus: probed
[    1.152456] tun: Universal TUN/TAP device driver, 1.6
[    1.153857] tun: (C) 1999-2004 Max Krasnyansky <maxk@qualcomm.com>
[    1.155622] PPP generic driver version 2.4.2
[    1.156889] ehci_hcd: USB 2.0 'Enhanced' Host Controller (EHCI) Driver
[    1.158403] ehci-pci: EHCI PCI platform driver
[    1.159532] ehci-platform: EHCI generic platform driver
[    1.161103] ohci_hcd: USB 1.1 'Open' Host Controller (OHCI) Driver
[    1.162784] ohci-pci: OHCI PCI platform driver
[    1.164097] ohci-platform: OHCI generic platform driver
[    1.165356] uhci_hcd: USB Universal Host Controller Interface driver
[    1.166970] i8042: PNP: PS/2 Controller [PNP0303:PS2K,PNP0f03:PS2M] at 0x60,0x64 irq 1,12
[    1.169909] serio: i8042 KBD port at 0x60,0x64 irq 1
[    1.170926] serio: i8042 AUX port at 0x60,0x64 irq 12
[    1.172108] mousedev: PS/2 mouse device common for all mice
[    1.173921] input: AT Translated Set 2 keyboard as /devices/platform/i8042/serio0/input/input2
[    1.175920] rtc_cmos rtc_cmos: rtc core: registered rtc_cmos as rtc0
[    1.177219] rtc_cmos rtc_cmos: alarms up to one day, 114 bytes nvram
[    1.178405] i2c /dev entries driver
[    1.179275] device-mapper: uevent: version 1.0.3
[    1.180695] device-mapper: ioctl: 4.34.0-ioctl (2015-10-28) initialised: dm-devel@redhat.com
[    1.182375] ledtrig-cpu: registered to indicate activity on CPUs
[    1.184077] NET: Registered protocol family 10
[    1.185410] NET: Registered protocol family 17
[    1.186554] Key type dns_resolver registered
[    1.188324] registered taskstats version 1
[    1.189386] Loading compiled-in X.509 certificates
[    1.191405] Loaded X.509 cert 'Build time autogenerated kernel key: 766cb56454e39ea623681e1efb4bf4db48a2396c'
[    1.193590] zswap: loaded using pool lzo/zbud
[    1.197440] Key type trusted registered
[    1.202827] Key type encrypted registered
[    1.203926] AppArmor: AppArmor sha1 policy hashing enabled
[    1.205026] ima: No TPM chip found, activating TPM-bypass!
[    1.206566] ima: Allocated hash algorithm: sha1
[    1.207934] evm: HMAC attrs: 0x1
[    1.209315]   Magic number: 15:234:130
[    1.210452] rtc_cmos rtc_cmos: setting system clock to 2019-04-24 13:06:59 UTC (1556111219)
[    1.212589] BIOS EDD facility v0.16 2004-Jun-25, 0 devices found
[    1.214101] EDD information not available.
[    1.308625] Freeing unused kernel memory: 1484K
[    1.309664] Write protecting the kernel read-only data: 14336k
[    1.311723] Freeing unused kernel memory: 1620K
[    1.313255] Freeing unused kernel memory: 88K
Loading, please wait...
starting version 229
[    1.332211] random: systemd-udevd: uninitialized urandom read (16 bytes read, 2 bits of entropy available)
[    1.333217] random: udevadm: uninitialized urandom read (16 bytes read, 2 bits of entropy available)
[    1.333251] random: udevadm: uninitialized urandom read (16 bytes read, 2 bits of entropy available)
[    1.340218] random: systemd-udevd: uninitialized urandom read (16 bytes read, 2 bits of entropy available)
[    1.342787] random: systemd-udevd: uninitialized urandom read (16 bytes read, 2 bits of entropy available)
[    1.345537] random: systemd-udevd: uninitialized urandom read (16 bytes read, 2 bits of entropy available)
[    1.347043] random: udevadm: uninitialized urandom read (16 bytes read, 2 bits of entropy available)
[    1.347117] random: udevadm: uninitialized urandom read (16 bytes read, 2 bits of entropy available)
[    1.347674] random: udevadm: uninitialized urandom read (16 bytes read, 2 bits of entropy available)
[    1.347762] random: udevadm: uninitialized urandom read (16 bytes read, 2 bits of entropy available)
[    1.404537] Fusion MPT base driver 3.04.20
[    1.405626] Copyright (c) 1999-2008 LSI Corporation
[    1.407015] e1000: Intel(R) PRO/1000 Network Driver - version 7.3.21-k8-NAPI
[    1.408349] e1000: Copyright (c) 1999-2006 Intel Corporation.
[    1.422344] Fusion MPT SPI Host driver 3.04.20
[    1.445904] AVX2 version of gcm_enc/dec engaged.
[    1.447566] AES CTR mode by8 optimization enabled
[    1.624040] input: ImExPS/2 Generic Explorer Mouse as /devices/platform/i8042/serio1/input/input4
[    1.817233] e1000 0000:00:03.0 eth0: (PCI:33MHz:32-bit) 02:47:ec:b6:72:35
[    1.818623] e1000 0000:00:03.0 eth0: Intel(R) PRO/1000 Network Connection
[    1.821263] mptbase: ioc0: Initiating bringup
[    1.883575] ioc0: LSI53C1030 A0: Capabilities={Initiator}
[    2.054701] scsi host2: ioc0: LSI53C1030 A0, FwRev=00000000h, Ports=1, MaxQ=256, IRQ=20
[    2.060893] tsc: Refined TSC clocksource calibration: 2495.242 MHz
[    2.066616] clocksource: tsc: mask: 0xffffffffffffffff max_cycles: 0x23f7aaf6232, max_idle_ns: 440795219380 ns
[    2.304442] scsi 2:0:0:0: Direct-Access     VBOX     HARDDISK         1.0  PQ: 0 ANSI: 5
[    2.316689] scsi target2:0:0: Beginning Domain Validation
[    2.321579] scsi target2:0:0: Domain Validation skipping write tests
[    2.323640] scsi target2:0:0: Ending Domain Validation
[    2.325447] scsi target2:0:0: asynchronous
[    2.327936] scsi 2:0:1:0: Direct-Access     VBOX     HARDDISK         1.0  PQ: 0 ANSI: 5
[    2.331197] scsi target2:0:1: Beginning Domain Validation
[    2.353545] scsi target2:0:1: Domain Validation skipping write tests
[    2.355064] scsi target2:0:1: Ending Domain Validation
[    2.356462] scsi target2:0:1: asynchronous
[    2.372808] sd 2:0:0:0: Attached scsi generic sg0 type 0
[    2.374435] sd 2:0:0:0: [sda] 20971520 512-byte logical blocks: (10.7 GB/10.0 GiB)
[    2.377188] sd 2:0:1:0: [sdb] 20480 512-byte logical blocks: (10.5 MB/10.0 MiB)
[    2.380139] sd 2:0:1:0: Attached scsi generic sg1 type 0
[    2.382152] sd 2:0:1:0: [sdb] Write Protect is off
[    2.383723] sd 2:0:0:0: [sda] Write Protect is off
[    2.385269] sd 2:0:0:0: [sda] Incomplete mode parameter data
[    2.386738] sd 2:0:0:0: [sda] Assuming drive cache: write through
[    2.388305] sd 2:0:1:0: [sdb] Incomplete mode parameter data
[    2.389718] sd 2:0:1:0: [sdb] Assuming drive cache: write through
[    2.491624]  sda: sda1
[    2.493565] sd 2:0:0:0: [sda] Attached SCSI disk
[    2.567137] sd 2:0:1:0: [sdb] Attached SCSI disk
[    2.707054] e1000 0000:00:08.0 eth1: (PCI:33MHz:32-bit) 08:00:27:cc:07:23
[    2.709044] e1000 0000:00:08.0 eth1: Intel(R) PRO/1000 Network Connection
[    2.712384] e1000 0000:00:08.0 enp0s8: renamed from eth1
[    2.731599] e1000 0000:00:03.0 enp0s3: renamed from eth0
Begin: Loading essential drivers ... [    4.196163] md: linear personality registered for level -1
[    4.202735] md: multipath personality registered for level -4
[    4.208609] md: raid0 personality registered for level 0
[    4.215364] md: raid1 personality registered for level 1
[    4.287237] raid6: sse2x1   gen()  6472 MB/s
[    4.355778] raid6: sse2x1   xor()  5051 MB/s
[    4.423243] raid6: sse2x2   gen()  8348 MB/s
[    4.499944] raid6: sse2x2   xor()  6152 MB/s
[    4.567361] raid6: sse2x4   gen() 11836 MB/s
[    4.635439] raid6: sse2x4   xor()  7558 MB/s
[    4.703494] raid6: avx2x1   gen() 13744 MB/s
[    4.771534] raid6: avx2x2   gen() 13060 MB/s
[    4.839559] raid6: avx2x4   gen() 15690 MB/s
[    4.840650] raid6: using algorithm avx2x4 gen() 15690 MB/s
[    4.841712] raid6: using avx2x2 recovery algorithm
[    4.844295] xor: automatically using best checksumming function:
[    4.883594]    avx       : 22424.000 MB/sec
[    4.886016] async_tx: api initialized (async)
[    4.900838] md: raid6 personality registered for level 6
[    4.901948] md: raid5 personality registered for level 5
[    4.902990] md: raid4 personality registered for level 4
[    4.911498] md: raid10 personality registered for level 10
done.
Begin: Running /scripts/init-premount ... done.
Begin: Mounting root file system ... Begin: Running /scripts/local-top ... done.
Begin: Running /scripts/local-premount ... [    4.953783] Btrfs loaded
Scanning for Btrfs filesystems
done.
Warning: fsck not present, so skipping root file system
[    5.088633] EXT4-fs (sda1): mounted filesystem with ordered data mode. Opts: (null)
done.
Begin: Running /scripts/local-bottom ... done.
Begin: Running /scripts/init-bottom ... done.
[    5.856210] systemd[1]: systemd 229 running in system mode. (+PAM +AUDIT +SELINUX +IMA +APPARMOR +SMACK +SYSVINIT +UTMP +LIBCRYPTSETUP +GCRYPT +GNUTLS +ACL +XZ -LZ4 +SECCOMP +BLKID +ELFUTILS +KMOD -IDN)
[    5.861142] systemd[1]: Detected virtualization oracle.
[    5.862795] systemd[1]: Detected architecture x86-64.

Welcome to [1mUbuntu 16.04.5 LTS[0m!

[    5.895817] systemd[1]: Set hostname to <chefworkstation>.
[    6.216151] random: nonblocking pool is initialized
[    7.139310] systemd[1]: Listening on LVM2 poll daemon socket.
[[0;32m  OK  [0m] Listening on LVM2 poll daemon socket.
[    7.142037] systemd[1]: Reached target User and Group Name Lookups.
[[0;32m  OK  [0m] Reached target User and Group Name Lookups.
[    7.145133] systemd[1]: Listening on udev Control Socket.
[[0;32m  OK  [0m] Listening on udev Control Socket.
[    7.149945] systemd[1]: Started Forward Password Requests to Wall Directory Watch.
[[0;32m  OK  [0m] Started Forward Password Requests to Wall Directory Watch.
[    7.153321] systemd[1]: Listening on Device-mapper event daemon FIFOs.
[[0;32m  OK  [0m] Listening on Device-mapper event daemon FIFOs.
[    7.165140] systemd[1]: Reached target Swap.
[[0;32m  OK  [0m] Reached target Swap.
[    7.167314] systemd[1]: Created slice User and Session Slice.
[[0;32m  OK  [0m] Created slice User and Session Slice.
[    7.175785] systemd[1]: Reached target System Time Synchronized.
[[0;32m  OK  [0m] Reached target System Time Synchronized.
[    7.183964] systemd[1]: Listening on udev Kernel Socket.
[[0;32m  OK  [0m] Listening on udev Kernel Socket.
[    7.191507] systemd[1]: Started Trigger resolvconf update for networkd DNS.
[[0;32m  OK  [0m] Started Trigger resolvconf update for networkd DNS.
[    7.194979] systemd[1]: Listening on Syslog Socket.
[[0;32m  OK  [0m] Listening on Syslog Socket.
[    7.200016] systemd[1]: Created slice System Slice.
[[0;32m  OK  [0m] Created slice System Slice.
[    7.207930] systemd[1]: Created slice system-serial\x2dgetty.slice.
[[0;32m  OK  [0m] Created slice system-serial\x2dgetty.slice.
[    7.210447] systemd[1]: Reached target Slices.
[[0;32m  OK  [0m] Reached target Slices.
[    7.212130] systemd[1]: Listening on Journal Audit Socket.
[[0;32m  OK  [0m] Listening on Journal Audit Socket.
[    7.223797] systemd[1]: Listening on Journal Socket (/dev/log).
[[0;32m  OK  [0m] Listening on Journal Socket (/dev/log).
[    7.226227] systemd[1]: Listening on /dev/initctl Compatibility Named Pipe.
[[0;32m  OK  [0m] Listening on /dev/initctl Compatibility Named Pipe.
[    7.229227] systemd[1]: Listening on Journal Socket.
[[0;32m  OK  [0m] Listening on Journal Socket.
[    7.323915] systemd[1]: Starting Load Kernel Modules...
         Starting Load Kernel Modules...
[    7.326934] systemd[1]: Mounting POSIX Message Queue File System...
         Mounting POSIX Message Queue File System...
[    7.336670] systemd[1]: Starting Set console keymap...
         Starting Set console keymap...
[    7.339342] systemd[1]: Starting Remount Root and Kernel File Systems...
         Starting Remount Root and Kernel File Systems...
[    7.349414] systemd[1]: Starting Uncomplicated firewall...
         Starting Uncomplicated firewall...
[    7.352177] systemd[1]: Mounting Debug File System...
         Mounting Debug File System...
[    7.354613] systemd[1]: Mounting Huge Pages File System...
         Mounting Huge Pages File System...
[    7.357252] systemd[1]: Starting Create list of required static device nodes for the current kernel...
         Starting Create list of required st... nodes for the current kernel...
[    7.368928] systemd[1]: Starting Journal Service...
         Starting Journal Service...
[    7.371245] systemd[1]: Set up automount Arbitrary Executable File Formats File System Automount Point.
[[0;32m  OK  [0m] Set up automount Arbitrary Executab...ats File System Automount Point.
[    7.455423] systemd[1]: Reached target Encrypted Volumes.
[[0;32m  OK  [0m] Reached target Encrypted Volumes.
[    7.483535] systemd[1]: Starting Nameserver information manager...
         Starting Nameserver information manager...
[    7.491562] systemd[1]: Listening on LVM2 metadata daemon socket.
[[0;32m  OK  [0m] Listening on LVM2 metadata daemon socket.
[    7.495926] systemd[1]: Starting Monitoring of LVM2 mirrors, snapshots etc. using dmeventd or progress polling...
         Starting Monitoring of LVM2 mirrors... dmeventd or progress polling...
[    7.504141] systemd[1]: Started Uncomplicated firewall.
[[0;32m  OK  [0m] Started Uncomplicated firewall.
[    7.507523] systemd[1]: Started Create list of required static device nodes for the current kernel.
[[0;32m  OK  [0m] Started Create list of required sta...ce nodes for the current kernel.
[    7.544075] systemd[1]: Starting Create Static Device Nodes in /dev...
         Starting Create Static Device Nodes in /dev...
[    7.562302] Loading iSCSI transport class v2.0-870.
[    7.646358] iscsi: registered transport (tcp)
[    7.665321] EXT4-fs (sda1): re-mounted. Opts: (null)
[    7.665828] systemd[1]: Mounted Huge Pages File System.
[[0;32m  OK  [0m] Mounted Huge Pages File System.
[    7.674408] systemd[1]: Mounted Debug File System.
[[0;32m  OK  [0m] Mounted Debug File System.
[    7.681693] systemd[1]: Mounted POSIX Message Queue File System.
[[0;32m  OK  [0m] Mounted POSIX Message Queue File System.
[    7.690692] systemd[1]: Started Remount Root and Kernel File Systems.
[[0;32m  OK  [0m] Started Remount Root and Kernel File Systems.
[    7.736454] systemd[1]: Starting udev Coldplug all Devices...
         Starting udev Coldplug all Devices...
[    7.740090] systemd[1]: Starting Load/Save Random Seed...
         Starting Load/Save Random Seed...
[    7.811703] systemd[1]: Started Nameserver information manager.
[[0;32m  OK  [0m] Started Nameserver information manager.
[    7.848645] systemd[1]: Started Journal Service.
[[0;32m  OK  [0m] Started Journal Service.
         Starting Flush Journal to Persistent Storage...
[[0;32m  OK  [0m] Started Load/Save Random Seed.
[[0;32m  OK  [0m] Started Set console keymap.
[[0;32m  OK  [0m] Started LVM2 metadata daemon.
[[0;32m  OK  [0m] Started udev Coldplug all Devices.
[    8.054333] systemd-journald[397]: Received request to flush runtime journal from PID 1
[[0;32m  OK  [0m] Started Create Static Device Nodes in /dev.
[    8.070985] iscsi: registered transport (iser)
         Starting udev Kernel Device Manager...
[[0;32m  OK  [0m] Started Load Kernel Modules.
[[0;32m  OK  [0m] Started Flush Journal to Persistent Storage.
         Mounting FUSE Control File System...
         Starting Apply Kernel Variables...
[[0;32m  OK  [0m] Mounted FUSE Control File System.
[[0;32m  OK  [0m] Started Apply Kernel Variables.
[[0;32m  OK  [0m] Started Monitoring of LVM2 mirrors,...ng dmeventd or progress polling.
[[0;32m  OK  [0m] Reached target Local File Systems (Pre).
[[0;32m  OK  [0m] Reached target Local File Systems.
         Starting Tell Plymouth To Write Out Runtime Data...
         Starting Initial cloud-init job (pre-networking)...
         Starting Create Volatile Files and Directories...
         Starting LSB: AppArmor initialization...
         Starting Set console font and keymap...
[[0;32m  OK  [0m] Started Tell Plymouth To Write Out Runtime Data.
[[0;32m  OK  [0m] Started Create Volatile Files and Directories.
         Starting Update UTMP about System Boot/Shutdown...
[[0;32m  OK  [0m] Started udev Kernel Device Manager.
[[0;32m  OK  [0m] Started Dispatch Password Requests to Console Directory Watch.
[[0;32m  OK  [0m] Started Update UTMP about System Boot/Shutdown.
[[0;32m  OK  [0m] Started Set console font and keymap.
[[0;32m  OK  [0m] Created slice system-getty.slice.
[[0;32m  OK  [0m] Found device /dev/ttyS0.
[[0;32m  OK  [0m] Listening on Load/Save RF Kill Switch Status /dev/rfkill Watch.
[[0;32m  OK  [0m] Found device 82540EM Gigabit Ethern...r (PRO/1000 MT Desktop Adapter).
[[0;32m  OK  [0m] Found device 82540EM Gigabit Ethern...r (PRO/1000 MT Desktop Adapter).
[[0;32m  OK  [0m] Started LSB: AppArmor initialization.
[   14.486221] cloud-init[483]: Cloud-init v. 18.4-0ubuntu1~16.04.2 running 'init-local' at Wed, 24 Apr 2019 13:07:12 +0000. Up 13.47 seconds.
[[0;32m  OK  [0m] Started Initial cloud-init job (pre-networking).
[[0;32m  OK  [0m] Reached target Network (Pre).
         Starting Raise network interfaces...
[[0;32m  OK  [0m] Started ifup for enp0s3.
[[0;32m  OK  [0m] Started ifup for enp0s8.
[[0;32m  OK  [0m] Started Raise network interfaces.
         Starting Initial cloud-init job (metadata service crawler)...
[[0;32m  OK  [0m] Reached target Network.
[   16.205572] cloud-init[1088]: Cloud-init v. 18.4-0ubuntu1~16.04.2 running 'init' at Wed, 24 Apr 2019 13:07:14 +0000. Up 15.41 seconds.
[   16.208145] cloud-init[1088]: ci-info: ++++++++++++++++++++++++++++++++++++++Net device info++++++++++++++++++++++++++++++++++++++
[   16.210658] cloud-init[1088]: ci-info: +--------+------+----------------------------+---------------+--------+-------------------+
[   16.217053] cloud-init[1088]: ci-info: | Device |  Up  |          Address           |      Mask     | Scope  |     Hw-Address    |
[   16.224919] cloud-init[1088]: ci-info: +--------+------+----------------------------+---------------+--------+-------------------+
[   16.227674] cloud-init[1088]: ci-info: | enp0s3 | True |         10.0.2.15          | 255.255.255.0 | global | 02:47:ec:b6:72:35 |
[   16.232629] cloud-init[1088]: ci-info: | enp0s3 | True | fe80::47:ecff:feb6:7235/64 |       .       |  link  | 02:47:ec:b6:72:35 |
[   16.235230] cloud-init[1088]: ci-info: | enp0s8 | True |       192.168.33.12        | 255.255.255.0 | global | 08:00:27:cc:07:23 |
[   16.244706] cloud-init[1088]: ci-info: | enp0s8 | True | fe80::a00:27ff:fecc:723/64 |       .       |  link  | 08:00:27:cc:07:23 |
[   16.252466] cloud-init[1088]: ci-info: |   lo   | True |         127.0.0.1          |   255.0.0.0   |  host  |         .         |
[   16.254932] cloud-init[1088]: ci-info: |   lo   | True |          ::1/128           |       .       |  host  |         .         |
[   16.261790] cloud-init[1088]: ci-info: +--------+------+----------------------------+---------------+--------+-------------------+
[   16.268545] cloud-init[1088]: ci-info: ++++++++++++++++++++++++++++Route IPv4 info++++++++++++++++++++++++++++
[   16.270637] cloud-init[1088]: ci-info: +-------+--------------+----------+---------------+-----------+-------+
[   16.277464] cloud-init[1088]: ci-info: | Route | Destination  | Gateway  |    Genmask    | Interface | Flags |
[   16.279666] cloud-init[1088]: ci-info: +-------+--------------+----------+---------------+-----------+-------+
[   16.282378] cloud-init[1088]: ci-info: |   0   |   0.0.0.0    | 10.0.2.2 |    0.0.0.0    |   enp0s3  |   UG  |
[   16.284552] cloud-init[1088]: ci-info: |   1   |   10.0.2.0   | 0.0.0.0  | 255.255.255.0 |   enp0s3  |   U   |
[   16.287306] cloud-init[1088]: ci-info: |   2   | 192.168.33.0 | 0.0.0.0  | 255.255.255.0 |   enp0s8  |   U   |
[   16.289919] cloud-init[1088]: ci-info: +-------+--------------+----------+---------------+-----------+-------+
[   16.292822] cloud-init[1088]: ci-info: +++++++++++++++++++Route IPv6 info+++++++++++++++++++
[   16.294788] cloud-init[1088]: ci-info: +-------+-------------+---------+-----------+-------+
[   16.296618] cloud-init[1088]: ci-info: | Route | Destination | Gateway | Interface | Flags |
[   16.299392] cloud-init[1088]: ci-info: +-------+-------------+---------+-----------+-------+
[   16.301317] cloud-init[1088]: ci-info: |   0   |  fe80::/64  |    ::   |   enp0s8  |   U   |
[   16.302978] cloud-init[1088]: ci-info: |   1   |  fe80::/64  |    ::   |   enp0s3  |   U   |
[   16.304748] cloud-init[1088]: ci-info: |   4   |   ff00::/8  |    ::   |   enp0s8  |   U   |
[   16.306432] cloud-init[1088]: ci-info: |   5   |   ff00::/8  |    ::   |   enp0s3  |   U   |
[   16.309920] cloud-init[1088]: ci-info: +-------+-------------+---------+-----------+-------+
[[0;32m  OK  [0m] Started Initial cloud-init job (metadata service crawler).
[[0;32m  OK  [0m] Reached target Cloud-config availability.
[[0;32m  OK  [0m] Reached target Network is Online.
         Starting iSCSI initiator daemon (iscsid)...
[[0;32m  OK  [0m] Reached target System Initialization.
[[0;32m  OK  [0m] Listening on ACPID Listen Socket.
[[0;32m  OK  [0m] Listening on D-Bus System Message Bus Socket.
[[0;32m  OK  [0m] Started Daily apt download activities.
         Starting Socket activation for snappy daemon.
[[0;32m  OK  [0m] Started ACPI Events Check.
[[0;32m  OK  [0m] Reached target Paths.
[[0;32m  OK  [0m] Listening on UUID daemon activation socket.
[[0;32m  OK  [0m] Started Daily Cleanup of Temporary Directories.
         Starting LXD - unix socket.
[[0;32m  OK  [0m] Started Daily apt upgrade and clean activities.
[[0;32m  OK  [0m] Reached target Timers.
[[0;32m  OK  [0m] Listening on Socket activation for snappy daemon.
[[0;32m  OK  [0m] Listening on LXD - unix socket.
[[0;32m  OK  [0m] Reached target Sockets.
[[0;32m  OK  [0m] Reached target Basic System.
[[0;32m  OK  [0m] Started D-Bus System Message Bus.
[[0;32m  OK  [0m] Started Regular background program processing daemon.
[[0;32m  OK  [0m] Started Deferred execution scheduler.
         Starting Accounts Service...
         Starting MySQL Community Server...
[[0;32m  OK  [0m] Started Unattended Upgrades Shutdown.
         Starting Login Service...
         Starting Virtualbox guest utils...
[[0;32m  OK  [0m] Started ACPI event daemon.
         Starting System Logging Service...
         Starting LXD - container startup/shutdown...
         Starting LSB: MD monitoring daemon...
         Starting /etc/rc.local Compatibility...
         Starting Snappy daemon...
         Starting LSB: Record successful boot for GRUB...
         Starting OpenBSD Secure Shell server...
         Starting The PHP 7.0 FastCGI Process Manager...
[[0;32m  OK  [0m] Started FUSE filesystem for LXC.
[[0;32m  OK  [0m] Started iSCSI initiator daemon (iscsid).
[[0;32m  OK  [0m] Started /etc/rc.local Compatibility.
         Starting Login to default iSCSI targets...
[[0;32m  OK  [0m] Started LSB: Record successful boot for GRUB.
[[0;32m  OK  [0m] Started Login Service.
[[0;32m  OK  [0m] Started LSB: MD monitoring daemon.
[[0;32m  OK  [0m] Started Login to default iSCSI targets.
[[0;32m  OK  [0m] Reached target Remote File Systems (Pre).
[[0;32m  OK  [0m] Reached target Remote File Systems.
         Starting Permit User Sessions...
         Starting LSB: daemon to balance interrupts for SMP systems...
         Starting LSB: automatic crash report generation...
         Starting LSB: Apache2 web server...
         Starting LSB: Set the CPU Frequency Scaling governor to "ondemand"...
[[0;32m  OK  [0m] Started LSB: Set the CPU Frequency Scaling governor to "ondemand".
[[0;32m  OK  [0m] Started Permit User Sessions.
         Starting Terminate Plymouth Boot Screen...
         Starting Hold until boot process finishes up...
[[0;32m  OK  [0m] Started Terminate Plymouth Boot Screen.
[[0;32m  OK  [0m] Started Hold until boot process finishes up.
         Starting Set console scheme...
[[0;32m  OK  [0m] Started Getty on tty1.
[[0;32m  OK  [0m] Started Serial Getty on ttyS0.
[[0;32m  OK  [0m] Reached target Login Prompts.
[[0;32m  OK  [0m] Started Set console scheme.
[[0;32m  OK  [0m] Started LSB: daemon to balance interrupts for SMP systems.
[[0;32m  OK  [0m] Started LSB: automatic crash report generation.
[[0;32m  OK  [0m] Started System Logging Service.
[[0;32m  OK  [0m] Started Virtualbox guest utils.
         Starting Authenticate and Authorize Users to Run Privileged Tasks...
[[0;32m  OK  [0m] Started OpenBSD Secure Shell server.
[[0;32m  OK  [0m] Started Authenticate and Authorize Users to Run Privileged Tasks.
[[0;32m  OK  [0m] Started Accounts Service.
[[0;32m  OK  [0m] Created slice User Slice of vagrant.
         Starting User Manager for UID 1000...
[[0;32m  OK  [0m] Started Session 1 of user vagrant.
[[0;32m  OK  [0m] Started User Manager for UID 1000.

Ubuntu 16.04.5 LTS chefworkstation ttyS0

chefworkstation login: [   26.533697] cloud-init[1458]: Cloud-init v. 18.4-0ubuntu1~16.04.2 running 'modules:config' at Wed, 24 Apr 2019 13:07:24 +0000. Up 26.16 seconds.
[   30.083715] cloud-init[1632]: Cloud-init v. 18.4-0ubuntu1~16.04.2 running 'modules:final' at Wed, 24 Apr 2019 13:07:28 +0000. Up 29.59 seconds.
[   30.084221] cloud-init[1632]: Cloud-init v. 18.4-0ubuntu1~16.04.2 finished at Wed, 24 Apr 2019 13:07:28 +0000. Datasource DataSourceNoCloud [seed=/dev/sdb][dsmode=net].  Up 30.06 seconds
[[0;32m  OK  [0m] Stopped target Cloud-init target.
         Stopping ACPI event daemon...
[[0;32m  OK  [0m] Closed Load/Save RF Kill Switch Status /[ timeout failure. Offlining disk!
[ 4334.350580] sd 2:0:0:0: rejecting I/O to offline device
[ 4334.352436] sd 2:0:0:0: rejecting I/O to offline device
[ 4334.354123] sd 2:0:0:0: rejecting I/O to offline device
[ 4334.355781] Buffer I/O error on device sda1, logical block 27217
[ 4334.35         Stopping Authenticate and Authorize Users to Run Privileged Tasks...
[[0;32m  OK  [0m] Stopped target Cloud-init target.
         Stopping ACPI event daemon...
[[0;32m  OK  [0m] Closed Load/Save RF Kill Switch Status /dev/rfkill Watch.
[[0;32m  OK  [0m] Stopped target Timers.
[[0;32m  OK  [0m] Stopped target Graphical Interface.
         Stopping User Manager for UID 1000...
[[0;32m  OK  [0m] Stopped Daily apt upgrade and clean activities.
[[0;32m  OK  [0m] Stopped Daily apt download activities.
[[0;32m  OK  [0m] Stopped target System Time Synchronized.
[[0;32m  OK  [0m] Stopped Daily Cleanup of Temporary Directories.
[[0;32m  OK  [0m] Stopped Execute cloud user/final scripts.
[[0;32m  OK  [0m] Stopped Apply the settings specified in cloud-config.
[[0;32m  OK  [0m] Stopped target Cloud-config availability.
[[0;32m  OK  [0m] Stopped target Multi-User System.
         Stopping LSB: Record successful boot for GRUB...
         Stopping D-Bus System Message Bus...
         Stopping FUSE filesystem for LXC...
         Stopping Regular background program processing daemon...
         Stopping Deferred execution scheduler...
         Stopping LSB: Apache2 web server...
         Stopping OpenBSD Secure Shell server...
         Stopping Virtualbox guest utils...
         Stopping LSB: MD monitoring daemon...
         Stopping LSB: daemon to balance interrupts for SMP systems...
[[0;32m  OK  [0m] Stopped target Login Prompts.
         Stopping Serial Getty on ttyS0...
         Stopping Getty on tty1...
         Stopping System Logging Service...
         Stopping MySQL Community Server...
         Stopping LSB: automatic crash report generation...
[[0;32m  OK  [0m] Stopped Wait until snapd is fully seeded.
         Stopping The PHP 7.0 FastCGI Process Manager...
         Stopping Unattended Upgrades Shutdown...
         Stopping LSB: Set the CPU Frequency Scaling governor to "ondemand"...
         Stopping LXD - container startup/shutdown...
         Stopping Accounts Service...
         Stopping Session 6 of user vagrant.
[[0;32m  OK  [0m] Unmounted /var/lib/lxcfs.
[[0;32m  OK  [0m] Stopped Deferred execution scheduler.
[[0;32m  OK  [0m] Stopped ACPI event daemon.
[[0;32m  OK  [0m] Stopped Accounts Service.
[[0;32m  OK  [0m] Stopped Regular background program processing daemon.
[[0;32m  OK  [0m] Stopped Getty on tty[ 4522.441122] sd 2:0:0:0: rejecting I/O to offline device
[ 4522.442846] sd 2:0:0:0: rejecting I/O to offline device
[ 4522.444338] sd 2:0:0:0: rejecting I/O to offline device
[ 4522.446748] sd 2:0:0:0: rejecting I/O to offline device
[ 4522.448401] sd 2:0:0:0: rejecting I/O to offline device
[ 4522.450307] sd 2:0:0:0: rejecting I/O to offline device
[ 4522.451725] sd 2:0:0:0: rejecting I/O to offline device
[ 4522.453097] sd 2:0:0:0: rejecting I/O to offline device
[ 4522.455338] sd 2:0:0:0: rejecting I/O to offline device
[ 4522.458109] sd 2:0:0:0: rejecting I/O to offline device
[ 4522.460287] sd 2:0:0:0: rejecting I/O to offline device
[ 4522.462957] sd 2:0:0:0: rejecting I/O to offline device
[ 4522.465378] sd 2:0:0:0: rejecting I/O to offline device
[ 4522.467309] sd 2:0:0:0: rejecting I/O to offline device
[ 4522.469430] sd 2:0:0:0: rejecting I/O to offline device
[ 4522.473736] sd 2:0:0:0: rejecting I/O to offline device
[ 4522.478464] sd 2:0:0:0: rejecting I/O to offline device
[ 4522.481037] sd 2:0:0:0: rejecting I/O to offline device
[ 4522.484227] sd 2:0:0:0: rejecting I/O to offline device
[ 4522.486659] sd 2:0:0:0: rejecting I/O to offline device
[ 4522.488190] sd 2:0:0:0: rejecting I/O to offline device
[ 4522.489709] sd 2:0:0:0: rejecting I/O to offline device
[ 4522.491259] sd 2:0:0:0: rejecting I/O to offline device
[ 4522.492680] sd 2:0:0:0: rejecting I/O to offline device
[ 4522.494231] sd 2:0:0:0: rejecting I/O to offline device
[ 4522.495938] sd 2:0:0:0: rejecting I/O to offline device
[ 4522.498049] sd 2:0:0:0: rejecting I/O to offline device
[ 4522.500434] sd 2:0:0:0: rejecting I/O to offline device
[ 4522.501930] sd 2:0:0:0: rejecting I/O to offline device
[ 4522.503484] sd 2:0:0:0: rejecting I/O to offline device
[ 4522.504895] sd 2:0:0:0: rejecting I/O to offline device
[ 4522.506340] EXT4-fs error (device sda1): __ext4_get_inode_loc:4115: inode #8824: block 712: comm bash: unable to read itable block
[ 4522.509711] EXT4-fs (sda1): previous I/O error to superblock detected
[ 4522.511327] sd 2:0:0:0: rejecting I/O to offline device
[ 4562.133589] sd 2:0:0:0: rejecting I/O to offline device
[ 4562.135206] sd 2:0:0:0: rejecting I/O to offline device
[ 4562.137023] sd 2:0:0:0: rejecting I/O to offline device
[ 4562.139115] sd 2:0:0:0: rejecting I/O to offline device
[ 4562.140719] sd 2:0:0:0: rejecting I/O to offline device
[ 4562.142558] sd 2:0:0:0: rejecting I/O to offline device
[ 4562.143976] sd 2:0:0:0: rejecting I/O to offline device
[ 4562.146728] sd 2:0:0:0: rejecting I/O to offline device
[ 4562.148888] sd 2:0:0:0: rejecting I/O to offline device
[ 4562.151294] sd 2:0:0:0: rejecting I/O to offline device
[ 4562.152937] sd 2:0:0:0: rejecting I/O to offline device
[ 4562.155514] sd 2:0:0:0: rejecting I/O to offline device
[ 4562.157988] sd 2:0:0:0: rejecting I/O to offline device
[ 4562.160426] sd 2:0:0:0: rejecting I/O to offline device
[ 4562.163109] sd 2:0:0:0: rejecting I/O to offline device
[ 4562.165456] sd 2:0:0:0: rejecting I/O to offline device
[ 4562.167171] sd 2:0:0:0: rejecting I/O to offline device
[ 4562.169908] sd 2:0:0:0: rejecting I/O to offline device
[ 4562.171869] sd 2:0:0:0: rejecting I/O to offline device
[ 4562.174595] sd 2:0:0:0: rejecting I/O to offline device
[ 4562.176370] sd 2:0:0:0: rejecting I/O to offline device
[ 4562.178966] sd 2:0:0:0: rejecting I/O to offline device
[ 4562.180730] sd 2:0:0:0: rejecting I/O to offline device
[ 4562.183188] sd 2:0:0:0: rejecting I/O to offline device
[ 4562.185030] sd 2:0:0:0: rejecting I/O to offline device
[ 4562.187439] sd 2:0:0:0: rejecting I/O to offline device
[ 4562.189788] sd 2:0:0:0: rejecting I/O to offline device
[ 4562.191224] sd 2:0:0:0: rejecting I/O to offline device
[ 4562.193868] sd 2:0:0:0: rejecting I/O to offline device
[ 4562.195936] sd 2:0:0:0: rejecting I/O to offline device
[ 4562.198634] sd 2:0:0:0: rejecting I/O to offline device
[ 4562.200703] EXT4-fs error (device sda1): __ext4_get_inode_loc:4115: inode #8824: block 712: comm bash: unable to read itable block
[ 4562.205401] EXT4-fs (sda1): previous I/O error to superblock detected
[ 4562.208440] sd 2:0:0:0: rejecting I/O to offline device
[ 4595.131852] sd 2:0:0:0: rejecting I/O to offline device
[ 4595.137112] sd 2:0:0:0: rejecting I/O to offline device
[ 4595.142307] sd 2:0:0:0: rejecting I/O to offline device
[ 4595.146948] sd 2:0:0:0: rejecting I/O to offline device
[ 4595.151313] sd 2:0:0:0: rejecting I/O to offline device
[ 4595.160500] sd 2:0:0:0: rejecting I/O to offline device
[ 4595.170246] sd 2:0:0:0: rejecting I/O to offline device
[ 4595.174575] sd 2:0:0:0: rejecting I/O to offline device
[ 4595.177077] sd 2:0:0:0: rejecting I/O to offline device
[ 4595.179812] sd 2:0:0:0: rejecting I/O to offline device
[ 4595.182777] sd 2:0:0:0: rejecting I/O to offline device
[ 4595.185303] sd 2:0:0:0: rejecting I/O to offline device
[ 4595.188325] sd 2:0:0:0: rejecting I/O to offline device
[ 4595.191154] sd 2:0:0:0: rejecting I/O to offline device
[ 4595.193929] sd 2:0:0:0: rejecting I/O to offline device
[ 4595.196980] sd 2:0:0:0: rejecting I/O to offline device
[ 4595.200054] sd 2:0:0:0: rejecting I/O to offline device
[ 4595.203361] sd 2:0:0:0: rejecting I/O to offline device
[ 4595.205528] sd 2:0:0:0: rejecting I/O to offline device
[ 4595.207580] sd 2:0:0:0: rejecting I/O to offline device
[ 4595.209422] sd 2:0:0:0: rejecting I/O to offline device
[ 4595.211686] sd 2:0:0:0: rejecting I/O to offline device
[ 4595.213657] sd 2:0:0:0: rejecting I/O to offline device
[ 4595.215532] sd 2:0:0:0: rejecting I/O to offline device
[ 4595.217413] sd 2:0:0:0: rejecting I/O to offline device
[ 4595.219200] sd 2:0:0:0: rejecting I/O to offline device
[ 4595.220776] sd 2:0:0:0: rejecting I/O to offline device
[ 4595.222640] sd 2:0:0:0: rejecting I/O to offline device
[ 4595.224643] sd 2:0:0:0: rejecting I/O to offline device
[ 4595.226580] sd 2:0:0:0: rejecting I/O to offline device
[ 4595.228565] sd 2:0:0:0: rejecting I/O to offline device
[ 4595.230486] EXT4-fs error (device sda1): __ext4_get_inode_loc:4115: inode #8824: block 712: comm bash: unable to read itable block
[ 4595.234180] EXT4-fs (sda1): previous I/O error to superblock detected
[ 4595.236221] sd 2:0:0:0: rejecting I/O to offline device
[ 4657.685381] sd 2:0:0:0: rejecting I/O to offline device
[ 4657.687381] sd 2:0:0:0: rejecting I/O to offline device
[ 4657.689793] sd 2:0:0:0: rejecting I/O to offline device
[ 4657.691670] sd 2:0:0:0: rejecting I/O to offline device
[ 4657.693943] sd 2:0:0:0: rejecting I/O to offline device
[ 4657.695690] sd 2:0:0:0: rejecting I/O to offline device
[ 4657.697879] sd 2:0:0:0: rejecting I/O to offline device
[ 4657.699657] sd 2:0:0:0: rejecting I/O to offline device
[ 4657.702277] sd 2:0:0:0: rejecting I/O to offline device
[ 4657.704013] sd 2:0:0:0: rejecting I/O to offline device
[ 4657.706049] sd 2:0:0:0: rejecting I/O to offline device
[ 4657.708174] sd 2:0:0:0: rejecting I/O to offline device
[ 4657.710753] sd 2:0:0:0: rejecting I/O to offline device
[ 4657.712813] sd 2:0:0:0: rejecting I/O to offline device
[ 4657.715561] sd 2:0:0:0: rejecting I/O to offline device
[ 4657.718208] sd 2:0:0:0: rejecting I/O to offline device
[ 4657.720211] sd 2:0:0:0: rejecting I/O to offline device
[ 4657.722577] sd 2:0:0:0: rejecting I/O to offline device
[ 4657.725358] sd 2:0:0:0: rejecting I/O to offline device
[ 4657.727546] sd 2:0:0:0: rejecting I/O to offline device
[ 4657.730189] sd 2:0:0:0: rejecting I/O to offline device
[ 4657.732043] sd 2:0:0:0: rejecting I/O to offline device
[ 4657.735029] sd 2:0:0:0: rejecting I/O to offline device
[ 4657.737782] sd 2:0:0:0: rejecting I/O to offline device
[ 4657.739872] sd 2:0:0:0: rejecting I/O to offline device
[ 4657.741952] sd 2:0:0:0: rejecting I/O to offline device
[ 4657.743532] sd 2:0:0:0: rejecting I/O to offline device
[ 4657.745459] sd 2:0:0:0: rejecting I/O to offline device
[ 4657.747470] sd 2:0:0:0: rejecting I/O to offline device
[ 4657.749795] sd 2:0:0:0: rejecting I/O to offline device
[ 4657.751551] sd 2:0:0:0: rejecting I/O to offline device
[ 4657.753531] EXT4-fs error (device sda1): __ext4_get_inode_loc:4115: inode #8824: block 712: comm bash: unable to read itable block
[ 4657.757875] EXT4-fs (sda1): previous I/O error to superblock detected
[ 4657.760388] sd 2:0:0:0: rejecting I/O to offline device
[ 4843.397683] sd 2:0:0:0: rejecting I/O to offline device
[ 4843.399210] sd 2:0:0:0: rejecting I/O to offline device
[ 4843.400746] sd 2:0:0:0: rejecting I/O to offline device
[ 4843.403440] sd 2:0:0:0: rejecting I/O to offline device
[ 4843.404870] sd 2:0:0:0: rejecting I/O to offline device
[ 4843.406957] sd 2:0:0:0: rejecting I/O to offline device
[ 4843.408666] sd 2:0:0:0: rejecting I/O to offline device
[ 4843.410745] sd 2:0:0:0: rejecting I/O to offline device
[ 4843.412438] sd 2:0:0:0: rejecting I/O to offline device
[ 4843.414737] sd 2:0:0:0: rejecting I/O to offline device
[ 4843.416434] sd 2:0:0:0: rejecting I/O to offline device
[ 4843.418582] sd 2:0:0:0: rejecting I/O to offline device
[ 4843.420072] sd 2:0:0:0: rejecting I/O to offline device
[ 4843.421757] sd 2:0:0:0: rejecting I/O to offline device
[ 4843.424581] sd 2:0:0:0: rejecting I/O to offline device
[ 4843.427106] sd 2:0:0:0: rejecting I/O to offline device
[ 4843.429184] sd 2:0:0:0: rejecting I/O to offline device
[ 4843.451020] sd 2:0:0:0: rejecting I/O to offline device
[ 4843.453218] sd 2:0:0:0: rejecting I/O to offline device
[ 4843.456080] sd 2:0:0:0: rejecting I/O to offline device
[ 4843.458559] sd 2:0:0:0: rejecting I/O to offline device
[ 4843.460718] sd 2:0:0:0: rejecting I/O to offline device
[ 4843.463148] sd 2:0:0:0: rejecting I/O to offline device
[ 4843.464989] sd 2:0:0:0: rejecting I/O to offline device
[ 4843.467650] sd 2:0:0:0: rejecting I/O to offline device
[ 4843.469897] sd 2:0:0:0: rejecting I/O to offline device
[ 4843.472005] sd 2:0:0:0: rejecting I/O to offline device
[ 4843.474034] sd 2:0:0:0: rejecting I/O to offline device
[ 4843.475621] sd 2:0:0:0: rejecting I/O to offline device
[ 4843.477356] sd 2:0:0:0: rejecting I/O to offline device
[ 4843.479494] sd 2:0:0:0: rejecting I/O to offline device
[ 4843.481487] EXT4-fs error (device sda1): __ext4_get_inode_loc:4115: inode #8824: block 712: comm bash: unable to read itable block
[ 4843.496254] EXT4-fs (sda1): previous I/O error to superblock detected
[ 4843.498732] sd 2:0:0:0: rejecting I/O to offline device
